// Jest Snapshot v1, https://goo.gl/fbAQLP

exports[`transports {"value":"","type":"string"} 1`] = `"0,0,0,0"`;

exports[`transports {"value":"hello world","type":"string"} 1`] = `"0,0,0,11,104,101,108,108,111,32,119,111,114,108,100"`;

exports[`transports {"value":["abc",123,"def"],"type":{"tuple":["string","u8","string"]}} 1`] = `"0,0,0,3,97,98,99,123,0,0,0,3,100,101,102"`;

exports[`transports {"value":["abc",123,[456,["def"]]],"type":{"tuple":["string","u8",{"tuple":["u64",{"tuple":["string"]}]}]}} 1`] = `"0,0,0,3,97,98,99,123,64,124,128,0,0,0,0,0,0,0,0,3,100,101,102"`;

exports[`transports {"value":{},"type":{"dictionary":["f32",{"tuple":["string",{"dictionary":["bool",{"tuple":["string"]}]}]}]}} 1`] = `"0,0,0,2,0,0,0,0,0,0,0,1,97,0,0,0,1,1,0,0,0,3,121,101,115,66,246,0,0,0,0,0,7,98,108,97,32,98,108,97,0,0,0,2,1,0,0,0,2,111,107,0,0,0,0,6,110,111,116,32,111,107"`;

exports[`transports {"value":{},"type":{"dictionary":["u16","string"]}} 1`] = `"0,0,0,2,0,0,0,0,0,1,97,0,123,0,0,0,7,98,108,97,32,98,108,97"`;

exports[`transports {"value":-8,"type":"i8"} 1`] = `"248"`;

exports[`transports {"value":-2342,"type":"i16"} 1`] = `"246,218"`;

exports[`transports {"value":-800000000,"type":"i32"} 1`] = `"208,80,248,0"`;

exports[`transports {"value":-8000000000000,"type":"i64"} 1`] = `"194,157,26,148,162,0,0,0"`;

exports[`transports {"value":8,"type":"u8"} 1`] = `"8"`;

exports[`transports {"value":800,"type":"u16"} 1`] = `"3,32"`;

exports[`transports {"value":1238.0333,"type":"f32"} 1`] = `"68,154,193,17"`;

exports[`transports {"value":65332,"type":"u32"} 1`] = `"0,0,255,52"`;

exports[`transports {"value":12383242.03333,"type":"f64"} 1`] = `"65,103,158,129,65,17,10,19"`;

exports[`transports {"value":16725247,"type":"u64"} 1`] = `"65,111,230,159,224,0,0,0"`;

exports[`transports {"value":true,"type":"bool"} 1`] = `"1"`;
